<?xml version="1.0" encoding="utf-8"?><testsuites name="pytest tests"><testsuite name="pytest" errors="0" failures="0" skipped="0" tests="68" time="0.228" timestamp="2025-09-19T04:33:30.231691+00:00" hostname="runnervmf4ws1"><testcase classname="tests.test_basic" name="test_placeholder" time="0.000" /><testcase classname="tests.test_basic" name="test_python_version" time="0.000" /><testcase classname="tests.test_basic" name="test_repository_structure" time="0.000" /><testcase classname="tests.test_basic" name="test_imports" time="0.000" /><testcase classname="tests.test_basic" name="test_yaml_import" time="0.001" /><testcase classname="tests.test_branch_protection_setup" name="test_python_version" time="0.000" /><testcase classname="tests.test_branch_protection_setup" name="test_repository_structure" time="0.000" /><testcase classname="tests.test_branch_protection_setup" name="test_ci_workflow_exists" time="0.000" /><testcase classname="tests.test_branch_protection_setup" name="test_branch_protection_documentation" time="0.000" /><testcase classname="tests.test_branch_protection_setup" name="test_requirements_file_format" time="0.000" /><testcase classname="tests.test_branch_protection_setup" name="test_src_directory_structure" time="0.000" /><testcase classname="tests.test_branch_protection_setup" name="test_gitignore_includes_common_files" time="0.000" /><testcase classname="tests.test_branch_protection_setup" name="test_documentation_completeness" time="0.000" /><testcase classname="tests.test_branch_protection_setup" name="test_workflow_trigger_configuration" time="0.000" /><testcase classname="tests.test_config.TestConfig" name="test_default_config_values" time="0.000" /><testcase classname="tests.test_config.TestConfig" name="test_dry_run_property" time="0.000" /><testcase classname="tests.test_config.TestConfig" name="test_environment_variable_override" time="0.000" /><testcase classname="tests.test_config.TestConfig" name="test_config_file_loading" time="0.001" /><testcase classname="tests.test_config.TestConfig" name="test_config_validation" time="0.000" /><testcase classname="tests.test_config.TestConfig" name="test_betting_limits" time="0.000" /><testcase classname="tests.test_config.TestConfig" name="test_global_dry_run_functions" time="0.000" /><testcase classname="tests.test_config.TestConfig" name="test_boolean_parsing" time="0.000" /><testcase classname="tests.test_config.TestConfig" name="test_config_to_dict" time="0.000" /><testcase classname="tests.test_config.TestConfig" name="test_config_string_representation" time="0.000" /><testcase classname="tests.test_config.TestDryRunIntegration" name="test_dry_run_mode_in_betting_scenario" time="0.000" /><testcase classname="tests.test_config.TestDryRunIntegration" name="test_dry_run_environment_variable_integration" time="0.000" /><testcase classname="tests.test_fixtures_integration" name="test_sample_match_data_fixture" time="0.000" /><testcase classname="tests.test_fixtures_integration" name="test_test_config_fixture" time="0.000" /><testcase classname="tests.test_fixtures_integration" name="test_value_score_calculator_fixture" time="0.000" /><testcase classname="tests.test_fixtures_integration" name="test_mock_odds_api_fixture" time="0.000" /><testcase classname="tests.test_fixtures_integration" name="test_mock_prediction_model_fixture" time="0.000" /><testcase classname="tests.test_fixtures_integration" name="test_betting_simulation_data_fixture" time="0.000" /><testcase classname="tests.test_fixtures_integration" name="test_clv_test_data_fixture" time="0.000" /><testcase classname="tests.test_fixtures_integration" name="test_fixtures_directory_structure" time="0.000" /><testcase classname="tests.test_fixtures_integration" name="test_test_data_directory_structure" time="0.000" /><testcase classname="tests.test_fixtures_integration" name="test_features_directory_structure" time="0.000" /><testcase classname="tests.test_fixtures_integration" name="test_dry_run_logger_fixture" time="0.001" /><testcase classname="tests.test_issue_template_update_logs" name="test_update_logs_template_exists" time="0.000" /><testcase classname="tests.test_issue_template_update_logs" name="test_update_logs_template_has_correct_frontmatter" time="0.000" /><testcase classname="tests.test_issue_template_update_logs" name="test_update_logs_template_has_required_sections" time="0.000" /><testcase classname="tests.test_issue_template_update_logs" name="test_update_logs_template_has_correct_instructions" time="0.000" /><testcase classname="tests.test_issue_template_update_logs" name="test_update_logs_template_has_proper_code_blocks" time="0.000" /><testcase classname="tests.test_quality_gateway" name="test_pyproject_toml_exists" time="0.000" /><testcase classname="tests.test_quality_gateway" name="test_pre_commit_config_exists" time="0.000" /><testcase classname="tests.test_quality_gateway" name="test_pre_commit_installation" time="0.000" /><testcase classname="tests.test_quality_gateway" name="test_ruff_functionality" time="0.018" /><testcase classname="tests.test_quality_gateway" name="test_ruff_configuration_values" time="0.017" /><testcase classname="tests.test_retrain_models.TestRetrainingPipeline" name="test_get_latest_training_data" time="0.000" /><testcase classname="tests.test_retrain_models.TestRetrainingPipeline" name="test_train_new_model" time="0.000" /><testcase classname="tests.test_retrain_models.TestRetrainingPipeline" name="test_backtest_model_clv" time="0.000" /><testcase classname="tests.test_retrain_models.TestRetrainingPipeline" name="test_compare_and_deploy_superior_model" time="0.000" /><testcase classname="tests.test_retrain_models.TestRetrainingPipeline" name="test_compare_and_deploy_inferior_model" time="0.000" /><testcase classname="tests.test_retrain_models.TestRetrainingPipeline" name="test_main_pipeline_success" time="0.001" /><testcase classname="tests.test_retrain_models.TestRetrainingPipeline" name="test_main_pipeline_failure" time="0.001" /><testcase classname="tests.test_retrain_models.TestRetrainingPipeline" name="test_logging_configuration" time="0.000" /><testcase classname="tests.test_retrain_models.TestRetrainingPipeline" name="test_error_handling_in_functions" time="0.000" /><testcase classname="tests.test_retrain_models.TestRetrainingPipeline" name="test_model_version_format" time="0.002" /><testcase classname="tests.test_retrain_models.TestRetrainingPipeline" name="test_clv_threshold_logic" time="0.000" /><testcase classname="tests.test_retrain_models" name="test_script_can_be_imported" time="0.000" /><testcase classname="tests.test_retrain_models" name="test_script_executable" time="0.032" /><testcase classname="tests.test_value_score_bdd" name="test_calculate_positive_value_score" time="0.002" /><testcase classname="tests.test_value_score_bdd" name="test_calculate_negative_value_score" time="0.001" /><testcase classname="tests.test_value_score_bdd" name="test_calculate_breakeven_value_score" time="0.001" /><testcase classname="tests.test_value_score_bdd" name="test_handle_edge_case_with_very_low_odds" time="0.001" /><testcase classname="tests.test_value_score_bdd" name="test_validate_dry_run_mode" time="0.001" /><testcase classname="tests.test_workflow_validation" name="test_ci_workflow_exists" time="0.005" /><testcase classname="tests.test_workflow_validation" name="test_workflow_python_version" time="0.000" /><testcase classname="tests.test_workflow_validation" name="test_workflow_permissions" time="0.004" /></testsuite></testsuites>